// Jest Snapshot v1, https://goo.gl/fbAQLP

exports[`Bootstrap renders correctly 1`] = `
<div>
  <div
    className="container-fluid head"
  >
    <header
      className="boilerplate-heading"
    >
      <div
        className="row align-items-center"
      >
        <div
          className="col-md-3"
        >
          <figure
            className="logo-image"
          >
            <img
              alt="Eggcllnt greeting"
              src="/assets/images/eggcllnt-head.gif"
            />
          </figure>
        </div>
        <div
          className="col-md-9"
        >
          <h1
            className="align-self-center"
          >
            Hello, world
          </h1>
          <p>
            Make things better with React
          </p>
        </div>
      </div>
    </header>
  </div>
</div>
`;
